// Jest Snapshot v1, https://goo.gl/fbAQLP

exports[`Pruebas sobre el componente <SearchPage /> debe de hacer match con el snapshot 1`] = `
<div>
  <h1>
    Search
  </h1>
  <hr />
  <div
    class="row"
  >
    <div
      class="col-5"
    >
      <form
        aria-label="form"
      >
        <input
          autocomplete="off"
          class="form-control"
          name="searchText"
          placeholder="Search a hero..."
          type="text"
          value=""
        />
        <button
          class="btn btn-primary mt-2"
        >
          Search
        </button>
      </form>
    </div>
    <div
      class="col-7"
    >
      <h4>
        Results
      </h4>
      <hr />
      <div
        aria-label="alert-default"
        class="alert alert-primary animate__animated animate__fadeIn"
      >
        Search a Hero
      </div>
      <div
        aria-label="alert-warning"
        class="alert alert-danger animate__animated animate__fadeIn"
        style="display: none;"
      >
        No Hero Found with 
        <b />
      </div>
    </div>
  </div>
</div>
`;
